src/modules/auth/auth.module.ts(17,7): error TS2322: Type '(configService: ConfigService) => { secret: string | undefined; signOptions: { expiresIn: string; }; }' is not assignable to type '(...args: any[]) => JwtModuleOptions | Promise<JwtModuleOptions>'.
  Type '{ secret: string | undefined; signOptions: { expiresIn: string; }; }' is not assignable to type 'JwtModuleOptions | Promise<JwtModuleOptions>'.
    Type '{ secret: string | undefined; signOptions: { expiresIn: string; }; }' is not assignable to type 'JwtModuleOptions'.
      The types of 'signOptions.expiresIn' are incompatible between these types.
        Type 'string' is not assignable to type 'number | StringValue | undefined'.
src/modules/auth/jwt.strategy.ts(9,11): error TS2345: Argument of type '[{ jwtFromRequest: JwtFromRequestFunction<any>; ignoreExpiration: false; secretOrKey: string | undefined; }]' is not assignable to parameter of type '[opt: StrategyOptionsWithRequest] | [opt: StrategyOptionsWithoutRequest]'.
  Type '[{ jwtFromRequest: JwtFromRequestFunction<any>; ignoreExpiration: false; secretOrKey: string | undefined; }]' is not assignable to type '[opt: StrategyOptionsWithoutRequest]'.
    Type '{ jwtFromRequest: JwtFromRequestFunction<any>; ignoreExpiration: false; secretOrKey: string | undefined; }' is not assignable to type 'StrategyOptionsWithoutRequest'.
      Type '{ jwtFromRequest: JwtFromRequestFunction<any>; ignoreExpiration: false; secretOrKey: string | undefined; }' is not assignable to type 'Omit<WithSecretOrKey, "secretOrKeyProvider"> & { passReqToCallback?: false | undefined; }'.
        Type '{ jwtFromRequest: JwtFromRequestFunction<any>; ignoreExpiration: false; secretOrKey: string | undefined; }' is not assignable to type 'Omit<WithSecretOrKey, "secretOrKeyProvider">'.
          Types of property 'secretOrKey' are incompatible.
            Type 'string | undefined' is not assignable to type 'string | Buffer<ArrayBufferLike>'.
              Type 'undefined' is not assignable to type 'string | Buffer<ArrayBufferLike>'.
src/modules/chat/chat.service.ts(163,11): error TS18047: 'fullMessage' is possibly 'null'.
src/modules/chat/chat.service.ts(164,23): error TS18047: 'fullMessage' is possibly 'null'.
src/modules/chat/chat.service.ts(165,17): error TS18047: 'fullMessage' is possibly 'null'.
src/modules/chat/chat.service.ts(166,19): error TS18047: 'fullMessage' is possibly 'null'.
src/modules/chat/chat.service.ts(167,21): error TS18047: 'fullMessage' is possibly 'null'.
src/modules/chat/chat.service.ts(168,16): error TS18047: 'fullMessage' is possibly 'null'.
src/modules/chat/chat.service.ts(169,13): error TS18047: 'fullMessage' is possibly 'null'.
src/modules/chat/chat.service.ts(170,15): error TS18047: 'fullMessage' is possibly 'null'.
src/modules/chat/chat.service.ts(171,18): error TS18047: 'fullMessage' is possibly 'null'.
src/modules/user/user.entity.ts(2,41): error TS2307: Cannot find module '../../chat/entities/conversation-participant.entity' or its corresponding type declarations.
src/modules/user/user.entity.ts(3,25): error TS2307: Cannot find module '../../chat/entities/message.entity' or its corresponding type declarations.
src/modules/user/user.entity.ts(34,53): error TS18046: 'cp' is of type 'unknown'.
src/modules/user/user.entity.ts(37,36): error TS18046: 'm' is of type 'unknown'.
